Link11 Memory Allocation Map  ****  Date 10/26/81  ****  Time 15:33:09


Link11 Version 5.2M
*@LK421{LK421.CMD:  SV421.IMG/img/b:1000,MP421.MAP=CG421.OBJ,RU421.OBJ,exec.OBJ
*error.OBJ,pkt1.OBJ,pkt2.OBJ,pkt3d.OBJ,cmdtym.OBJ,cmds.OBJ,trm.OBJ,trmf.OBJ
*trmp.OBJ,trmt.OBJ,zapbuf.OBJ,status.OBJ,lnk1.OBJ,lnk2.OBJ,lnkf.OBJ,LNKF1.OBJ
*LNKHA,LKHBS1,LKHBS2,LKHBS3,TYMA,TYMB,lina.OBJ,ONCE,END}/E

Module: COMMON                   File: CG421.OBJ
Module: ROUTE                    File: RU421.OBJ
Module: EXEC                     File: EXEC.OBJ
Module: ERROR                    File: ERROR.OBJ
Module: PKT1                     File: PKT1.OBJ
Module: PKT2                     File: PKT2.OBJ
Module: PKT3D                    File: PKT3D.OBJ
Module: CMDTYM                   File: CMDTYM.OBJ
Module: CMDS                     File: CMDS.OBJ
Module: TRM                      File: TRM.OBJ
Module: TRMF                     File: TRMF.OBJ
Module: TRMP                     File: TRMP.OBJ
Module: TRMT                     File: TRMT.OBJ
Module: ZAPBUF                   File: ZAPBUF.OBJ
Module: STATUS                   File: STATUS.OBJ
Module: LNK1                     File: LNK1.OBJ
Module: LNK2                     File: LNK2.OBJ
Module: LNKF                     File: LNKF.OBJ
Module: LNKF1                    File: LNKF1.OBJ
Module: LNKHA                    File: LNKHA.OBJ
Module: LKHPK1                   File: LKHBS1.OBJ
Module: LKHPK2                   File: LKHBS2.OBJ
Module: LKHPK3                   File: LKHBS3.OBJ
Module: TYMA                     File: TYMA.OBJ
Module: TYMB                     File: TYMB.OBJ
Module: LINA                     File: LINA.OBJ
Module: ONCE                     File: ONCE.OBJ
Module: END                      File: END.OBJ

Program file:     SV421.IMG
Program name:     COMMON
Transfer address: 001000  

Memory limits:          Low    High   Length
	<LOWMEM>      001000  001116  000116        39. Words
	<SX    >      001116  001376  000260        88. Words
	<PURE  >      001376  010110  006512      1701. Words
	<CODE  >      010110  107430  077320     16232. Words
	<MAIN  >      107430  110520  001070       284. Words
	<SECOND>      110520  110556  000036        15. Words
	<TENTHS>      110556  110600  000022         9. Words
	<INIT  >      110600  110602  000002         1. Words
	<.XDT. >      110602  110650  000046        19. Words
	<.SYM. >      110650  110650  000000         0. Words
	<PDATA >      110650  110716  000046        19. Words
	<DDB   >      110716  112226  001310       356. Words
	<LDB   >      112226  112516  000270        92. Words
	<ADB   >      112516  112636  000120        40. Words
	<SDB   >      112636  124564  011726      2539. Words
	<IMPURE>      124564  130036  003252       853. Words
	<ONCE  >      130036  130526  000470       156. Words
	<VECTBL>      130526  130716  000170        60. Words
	Overall       001000  130716  127716     22503. Words

********************************************
Module: COMMON                                    3940. Words
			Low    High   Length
	      ADARBF  000016  Global
	      ADARSR  000014  Global
	      ADAXBF  000022  Global
	      ADAXSR  000020  Global
	      ADFUNC  000002  Global
	      ADINDX  000006  Global
	      ADINIT  000004  Global
	      ADMAXI  000013  Global
	      ADNEXT  000010  Global
	      ADOUTP  000000  Global
	      ADSTS1  000012  Global
	      ATOTXX  000000  Global
	      CLKREG  177546  Global
	      DDCBGN  000026  Global
	      DDCEND  000032  Global
	      DDCSIZ  000002  Global
	      DDDDBI  000016  Global
	      DDERBC  000134  Global
	      DDERBF  000116  Global
	      DDERCS  000132  Global
	      DDERFT  000142  Global
	      DDERHE  000140  Global
	      DDERIP  000120  Global
	      DDERIS  000114  Global
	      DDERNP  000124  Global
	      DDEROR  000122  Global
	      DDERPC  000130  Global
	      DDERRX  000144  Global
	      DDERSI  000136  Global
	      DDERSZ  000126  Global
	      DDID    000006  Global
	      DDINDX  000007  Global
	      DDLFAL  000234  Global
	      DDLFAV  000154  Global
	      DDLFBC  000172  Global
	      DDLFBH  000164  Global
	      DDLFBI  000160  Global
	      DDLFBJ  000174  Global
	      DDLFBK  000176  Global
	      DDLFBP  000205  Global
	      DDLFBQ  000200  Global
	      DDLFBS  000170  Global
	      DDLFBT  000166  Global
	      DDLFBW  000202  Global
	      DDLFBY  000204  Global
	      DDLFCC  000250  Global
	      DDLFCZ  000151  Global
	      DDLFFC  000160  Global
	      DDLFGS  000236  Global
	      DDLFIC  000246  Global
	      DDLFIK  000242  Global
	      DDLFIP  000244  Global
	      DDLFIQ  000240  Global
	      DDLFIR  000146  Global
	      DDLFIS  000252  Global
	      DDLFIX  000254  Global
	      DDLFLC  000502  Global
	      DDLFOC  000304  Global
	      DDLFOK  000300  Global
	      DDLFOP  000302  Global
	      DDLFOR  000150  Global
	      DDLFOS  000474  Global
	      DDLFOV  000162  Global
	      DDLFOX  000312  Global
	      DDLFOZ  000306  Global
	      DDLFPC  000253  Global
	      DDLFPL  000156  Global
	      DDLFPO  000232  Global
	      DDLFQQ  000145  Global
	      DDLFQX  000310  Global
	      DDLFRQ  000476  Global
	      DDLFSR  000152  Global
	      DDLFS1  000226  Global
	      DDLFS2  000230  Global
	      DDLFTD  000500  Global
	      DDLFTM  000477  Global
	      DDLFTP  000501  Global
	      DDLFT1  000222  Global
	      DDLFT2  000224  Global
	      DDLFXR  000206  Global
	      DDLFXS  000210  Global
	      DDLFX1  000212  Global
	      DDLFX2  000214  Global
	      DDLFX3  000216  Global
	      DDLFX4  000220  Global
	      DDLHBF  000202  Global
	      DDLHCZ  000125  Global
	      DDLHDH  000204  Global
	      DDLHDW  000262  Global
	      DDLHFC  000226  Global
	      DDLHHD  000500  Global
	      DDLHHM  000200  Global
	      DDLHHY  000224  Global
	      DDLHLC  000500  Global
	      DDLHLD  000152  Global
	      DDLHMX  000156  Global
	      DDLHND  000150  Global
	      DDLHNH  000172  Global
	      DDLHNL  000154  Global
	      DDLHNN  000146  Global
	      DDLHNU  000256  Global
	      DDLHPH  000176  Global
	      DDLHSH  000174  Global
	      DDLHSM  000266  Global
	      DDLHSN  000265  Global
	      DDLHSS  000236  Global
	      DDLHTR  000160  Global
	      DDLHTY  000264  Global
	      DDLHUP  000260  Global
	      DDLHXP  000162  Global
	      DDLHXS  000226  Global
	      DDLKCZ  000027  Global
	      DDLKEC  000066  Global
	      DDLKER  000114  Global
	      DDLKFC  000070  Global
	      DDLKFH  000106  Global
	      DDLKFN  000112  Global
	      DDLKFP  000046  Global
	      DDLKFT  000110  Global
	      DDLKIN  000036  Global
	      DDLKIS  000040  Global
	      DDLKLC  000146  Global
	      DDLKLD  000044  Global
	      DDLKNA  000056  Global
	      DDLKNS  000034  Global
	      DDLKNX  000032  Global
	      DDLKN1  000052  Global
	      DDLKN2  000054  Global
	      DDLKPS  000113  Global
	      DDLKP0  000050  Global
	      DDLKSP  000104  Global
	      DDLKST  000042  Global
	      DDLKTP  000065  Global
	      DDLKXT  000002  Global
	      DDLK0H  000070  Global
	      DDLK0T  000072  Global
	      DDLK1H  000074  Global
	      DDLK1T  000076  Global
	      DDLK2H  000100  Global
	      DDLK2T  000102  Global
	      DDNCON  000030  Global
	      DDPOKE  000010  Global
	      DDPRIV  000002  Global
	      DDRSUM  000012  Global
	      DDSDBI  000020  Global
	      DDSOC   000004  Global
	      DDSSRC  000014  Global
	      DDSTDP  000033  Global
	      DDSTEP  000032  Global
	      DDSTS0  000000  Global
	      DDSTS1  000026  Global
	      DDSX    000022  Global
	      DDWLD   000024  Global
	      DEVMAX  000026  Global
	      DXSIZE  000004  Global
	      EDTNO   000000  Global
	      EDTNUM  000001  Global
	      JIFDIV  000005  Global
	      JIFMUL  000003  Global
	      JIFM05  043120  Global
	      JIFM10  106240  Global
	      JIFM15  151360  Global
	      JIFO10  000006  Global
	      JIFO2   000036  Global
	      JIFO4   000017  Global
	      JIFSEC  000074  Global
	      JIFX10  001130  Global
	      JIFX15  001604  Global
	      JIFX16  001700  Global
	      JIFX2   000170  Global
	      JIFX20  002260  Global
	      JIFX30  003410  Global
	      JIFX60  007020  Global
	      JIFX8   000740  Global
	      JIF150  021450  Global
	      LDERBD  000062  Global
	      LDHACK  000256  Global
	      LDHACZ  000047  Global
	      LDHAEA  000154  Global
	      LDHAED  000156  Global
	      LDHAEI  000160  Global
	      LDHAEL  000162  Global
	      LDHAEN  000164  Global
	      LDHAEO  000166  Global
	      LDHAEP  000170  Global
	      LDHAFC  000152  Global
	      LDHAFG  000152  Global
	      LDHAFR  000263  Global
	      LDHAIA  000257  Global
	      LDHAIB  000252  Global
	      LDHAIC  000254  Global
	      LDHAID  000210  Global
	      LDHAIF  000200  Global
	      LDHAIL  000206  Global
	      LDHAIS  000174  Global
	      LDHAIW  000202  Global
	      LDHAIX  000262  Global
	      LDHAKB  000140  Globa     LDHAKE  000142  Global
	      LDHAKP  000146  Global
	      LDHAKT  000144  Global
	      LDHAKX  000240  Global
	      LDHALA  000260  Global
	      LDHALC  000270  Global
	      LDHAMD  000151  Global
	      LDHAMX  000150  Global
	      LDHAOB  000253  Global
	      LDHAOC  000255  Global
	      LDHAOD  000214  Global
	      LDHAOL  000212  Global
	      LDHAOR  000261  Global
	      LDHAOS  000176  Global
	      LDHAOW  000204  Global
	      LDHAPL  000116  Global
	      LDHAPR  000110  Global
	      LDHAQB  000126  Global
	      LDHAQE  000130  Global
	      LDHAQN  000134  Global
	      LDHAQP  000136  Global
	      LDHAQT  000132  Global
	      LDHAQX  000226  Global
	      LDHARB  000106  Global
	      LDHARS  000104  Global
	      LDHASB  000120  Global
	      LDHASC  000172  Global
	      LDHASE  000122  Global
	      LDHAST  000124  Global
	      LDHASX  000216  Global
	      LDHATD  000265  Global
	      LDHATI  000266  Global
	      LDHATR  000267  Global
	      LDHAUA  000264  Global
	      LDHAXB  000114  Global
	      LDHAXS  000112  Global
	      LDHCHN  000012  Global
	      LDHCSZ  000027  Global
	      LDHDDB  000014  Global
	      LDHDWX  000002  Global
	      LDHERB  000070  Global
	      LDHERC  000064  Global
	      LDHERS  000074  Global
	      LDHERX  000100  Global
	      LDHEXB  000072  Global
	      LDHEXC  000066  Global
	      LDHEXS  000076  Global
	      LDHEXX  000102  Global
	      LDHFCL  000026  Global
	      LDHGRP  000011  Global
	      LDHINX  000004  Global
	      LDHLCL  000104  Global
	      LDHLNO  000013  Global
	      LDHNBR  000016  Global
	      LDHNXS  000022  Global
	      LDHNXT  000020  Global
	      LDHSDB  000006  Global
	      LDHSFC  000054  Global
	      LDHSLH  000034  Global
	      LDHSLT  000036  Global
	      LDHSPC  000060  Global
	      LDHSPD  000010  Global
	      LDHSRC  000056  Global
	      LDHSR0  000046  Global
	      LDHSR2  000050  Global
	      LDHSSD  000052  Global
	      LDHSTX  000000  Global
	      LDHST0  000024  Global
	      LDHST1  000026  Global
	      LDHXLH  000040  Global
	      LDHXLT  000042  Global
	      LDHZCN  000044  Global
	      LDHZLH  000030  Global
	      LDHZLT  000032  Global
	      LKOFS$  000004  Global
	      MAXDX   000006  Global
	      MAXTIM  177777  Global
	      MXNPKT  077777  Global
	      NIDMAX  000013  Global
	      PKCMAX  000072  Global
	      PKTWDS  000040  Global
	      SDACNT  000034  Global
	      SDCBGN  000006  Global
	      SDCEND  000030  Global
	      SDCSIZ  000011  Global
	      SDDDB   000004  Global
	      SDFCNT  000036  Global
	      SDLFAX  000072  Global
	      SDLFBI  000040  Global
	      SDLFBL  000064  Global
	      SDLFBO  000056  Global
	      SDLFCZ  000016  Global
	      SDLFFC  000040  Global
	      SDLFI0  000042  Global
	      SDLFI1  000044  Global
	      SDLFLC  000074  Global
	      SDLFO0  000060  Global
	      SDLFO1  000062  Global
	      SDLFQN  000055  Global
	      SDLFRQ  000066  Global
	      SDLFS1  000070  Global
	      SDLFVC  000054  Global
	      SDLFVH  000050  Global
	      SDLFXF  000046  Global
	      SDLHBF  000066  Global
	      SDLHCN  000044  Global
	      SDLHCZ  000014  Global
	      SDLHFC  000040  Global
	      SDLHI1  000056  Global
	      SDLHI2  000054  Global
	      SDLHLC  000070  Global
	      SDLHLD  000042  Global
	      SDLHO1  000062  Global
	      SDLHO2  000060  Global
	      SDLHPC  000064  Global
	      SDLHSC  000040  Global
	      SDLHSP  000045  Global
	      SDLHS1  000046  Global
	      SDLHVH  000050  Global
	      SDLHVL  000052  Global
	      SDLINK  000000  Global
	      SDLKCZ  000004  Global
	      SDLKFC  000030  Global
	      SDLKFL  000032  Global
	      SDLKLC  000040  Global
	      SDLKLK  000030  Global
	      SDLKLV  000035  Global
	      SDLKXX  000037  Global
	      SDPCNT  000020  Global
	      SDPKCP  000014  Global
	      SDPKDH  000010  Global
	      SDPKDT  000012  Global
	      SDPKSP  000016  Global
	      SDPMAX  000002  Global
	      SDREQB  000026  Global
	      SDREQL  000024  Global
	      SDRSMC  000027  Global
	      SDSDID  000022  Global
	      SDSDSC  000023  Global
	      SDSOC   000003  Global
	      SDSTCC  000034  Global
	      SDSTCF  000056  Global
	      SDSTCY  000004  Global
	      SDSTCZ  000017  Global
	      SDSTD1  000044  Global
	      SDSTD2  000046  Global
	      SDSTD3  000050  Global
	      SDSTD4  000052  Global
	      SDSTER  000057  Global
	      SDSTFC  000030  Global
	      SDSTID  000032  Global
	      SDSTLC  000066  Global
	      SDSTPL  000035  Global
	      SDSTR1  000040  Global
	      SDSTSC  000036  Global
	      SDSTSR  000042  Global
	      SDSTSS  000030  Global
	      SDSTS1  000006  Global
	      SDSTS3  000054  Global
	      SDSTVP  000056  Global
	      SDSTV1  000060  Global
	      SDSTV2  000062  Global
	      SDSTV3  000064  Global
	      SDTPVC  000144  Global
	      SDTRAD  000040  Global
	      SDTRBD  000106  Global
	      SDTRBL  000127  Global
	      SDTRBR  000032  Global
	      SDTRBS  000065  Global
	      SDTRBX  000070  Global
	      SDTRCD  000102  Global
	      SDTRCI  000077  Global
	      SDTRCL  000114  Global
	      SDTRCM  000104  Global
	      SDTRCP  000044  Global
	      SDTRCS  000133  Global
	      SDTRCT  000130  Global
	      SDTRCV  000103  Global
	      SDTRCX  000036  Global
	      SDTRCZ  000041  Global
	      SDTRC1  000134  Global
	      SDTRC2  000136  Global
	      SDTRC3  000140  Global
	      SDTRC4  000142  Global
	      SDTRDL  000071  Global
	      SDTRDY  000126  Global
	      SDTREC  000101  Global
	      SDTRES  000131  Global
	      SDTRFC  000042  Global
	      SDTRFD  000111  Global
	      SDTRFP  000123  Global
	      SDTRFV  000112  Global
	      SDTRFX  000125  Global
	      SDTRHD  000105  Global
	      SDTRHI  000075  Global
	      SDTRHP  000120  Global
	      SDTRIC  000067  Global
	      SDTRIL  000066  Global
	      SDTRIP  000042  Global
	      SDTRLC  000144  Global
	      SDTRLD  000107  Global
	      SDTRLP  000070  Global
	      SDTRLT  000102  Global
	      SDTRLW  000113  Global
	      SDTRLX  000072  Global
	      SDTROD  000046  Global
	      SDTROS  000064  Global
	      SDTRPC  000035  Global
	      SDTRPG  000117  Global
	      SDTRRE  000074  Global
	      SDTRSC  000122  Global
	      SDTRSE  000101  Global
	      SDTRSI  000076  Global
	      SDTRSL  000072  Global
	      SDTRSN  000007  Global
	      SDTRSO  000073  Global
	      SDTRSR  000100  Global
	      SDTRSX  000124  Global
	      SDTRS0  000030  Global
	      SDTRS1  000050  Global
	      SDTRS2  000052  Global
	      SDTRS3  000054  Global
	      SDTRS4  000056  Global
	      SDTRS5  000060  Global
	      SDTRS6  000062  Global
	      SDTRTP  000037  Global
	      SDTRTT  000034  Global
	      SDTRVD  000110  Global
	      SDTRVP  000121  Global
	      SDTRVT  000116  Global
	      SDTRXC  000132  Global
	      SDTXAP  000146  Global
	      SDXCNT  000021  Global
	      ST.S0   000001  Global
	      TRMPLM  000050  Global
	      TRMTTL  000004  Global
	      TRPMAX  000007  Global
	      TRPWRN  000005  Global
	      TRPWRX  000003  Global
	      VERNO   000250  Global
	      VERNUM  000252  Global
	      VLLKFC  000006  Global
	      VLLK0C  000012  Global
	      VLLK1C  000012  Global
	      .IDCR   000007  Global
	      .IDFD   000011  Global
	      .IDLK   000000  Global
	      .IDLP   000006  Global
	      .IDMT   000010  Global
	      .IDST   000001  Global
	      .IDTR   000002  Global
	      .IDTX   000003  Global
	      .IDTY   000004  Global
	      .IDTZ   000005  Global
	      .IDWD   000012  Global
	      .PLKIL  000000  Global
	      .PLOPT  000024  Global
	      .PLSPR  000001  Global
	      .PLSTP  000020  Global
	      .PLTRM  000003  Global
	      .PLZAP  000014  Global
	      .XXASC  000000  Global
	      .XXBCD  177777  Global
	      .XXCAL  177777  Global
	      .XXCRS  177777  Global
	      .XXEBC  177777  Global
	<LOWMEM>      001000  001000  000000         0. Words
	      LOWMEM  001000  Global
	<SX    >      001116  001376  000260        88. Words
	      SX      001116  Global
	      L0SX    001120  Global
	      L1SX    001220  Global
	      MNLKSX  001116  Global
	      MXLKSX  001356  Global
	      SXTBL   001116  Global
	      SXTOP   001376  Global
	      S0SX    001362  Global
	      T0SX    001366  Global
	<PURE  >      001376  001550  000152        53. Words
	      PURE    001376  Global
	      CMDETB  001546  Global
	      CODTIL  001546  Global
	      CODTIP  001546  Global
	      CODTIU  001546  Global
	      CODTOU  001546  Global
	      CODTOX  001546  Global
	      CODTSL  001547  Global
	      CODTSU  001546  Global
	      DEVLTR  001462  Global
	      DEVNAM  001434  Global
	      DFTHST  001420  Global
	      DXTBL   001536  Global
	      DXTOP   001544  Global
	      HCLTBL  001430  Global
	      NIDDX   001475  Global
	      NIDPMX  001523  Global
	      NIDPWN  001510  Global
	      THSNOD  001376  Global
	      ..MOD   001432  Global
	<CODE  >      010110  010300  000170        60. Words
	      CODE    010110  Global
	      PURBGN  010110  Global
	<MAIN  >      107430  107430  000000         0. Words
	      MAIN    107430  Global
	<SECOND>      110520  110520  000000         0. Words
	      SECOND  110520  Global
	<TENTHS>      110556  110556  000000         0. Words
	      TENTHS  110556  Global
	<INIT  >      110600  110600  000000         0. Words
	      INIT    110600  Global
	      INISUB  110600  Global
	<.XDT. >      110602  110650  000046        19. Words
	      .XDT.   110602  Global
	<.SYM. >      110650  110650  000000         0. Words
	      .SYM.   110650  Global
	<PDATA >      110650  110650  000000         0. Words
	      PDATA   110650  Global
	<DDB   >      110716  112226  001310       356. Words
	      DDB     110716  Global
	      LKFDDB  110716  Global
	      LKHDDB  111420  Global
	      L0$     110716  Global
	      L1$     111420  Global
	      S0$     112140  Global
	      TR0CON  112224  Global
	      T0$     112174  Global
	<LDB   >      112226  112516  000270        92. Words
	      LDB     112226  Global
	      LHALDB  112226  Global
	      L1.0    112226  Global
	<ADB   >      112516  112636  000120        40. Words
	      ADB     112516  Global
	      ADB0$   112516  Global
	      ADB1$   112542  Global
	      ADB2$   112566  Global
	      ADB3$   112612  Global
	      ASAADB  112516  Global
	<SDB   >      112636  124564  011726      2539. Words
	      SDB     112636  Global
	      L0$0    112636  Global
	      L0$1    112732  Global
	      L0$10   113576  Global
	      L0$11   113672  Global
	      L0$12   113766  Global
	      L0$13   114062  Global
	      L0$14   114156  Global
	      L0$15   114252  Global
	      L0$16   114346  Global
	      L0$17   114442  Global
	      L0$2    113026  Global
	      L0$20   114536  Global
	      L0$21   114632  Global
	      L0$22   114726  Global
	      L0$23   115022  Global
	      L0$24   115116  Global
	      L0$25   115212  Global
	      L0$26   115306  Global
	      L0$27   115402  Global
	      L0$3    113122  Global
	      L0$30   115476  Global
	      L0$31   115572  Global
	      L0$32   115666  Global
	      L0$33   115762  Global
	      L0$34   116056  Global
	      L0$35   116152  Global
	      L0$36   116246  Global
	      L0$37   116342  Global
	      L0$4    113216  Global
	      L0$5    113312  Global
	      L0$6    113406  Global
	      L0$7    113502  Global
	      L1$1    116436  Global
	      L1$10   117246  Global
	      L1$11   117336  Global
	      L1$12   117426  Global
	      L1$13   117516  Global
	      L1$14   117606  Global
	      L1$15   117676  Global
	      L1$16   117766  Global
	      L1$17   120056  Global
	      L1$2    116526  Global
	      L1$20   120146  Global
	      L1$21   120236  Global
	      L1$22   120326  Global
	      L1$23   120416  Global
	      L1$24   120506  Global
	      L1$25   120576  Global
	      L1$26   120666  Global
	      L1$27   120756  Global
	      L1$3    116616  Global
	      L1$30   121046  Global
	      L1$31   121136  Global
	      L1$32   121226  Global
	      L1$33   121316  Global
	      L1$34   121406  Global
	      L1$35   121476  Global
	      L1$36   121566  Global
	      L1$37   121656  Global
	      L1$4    116706  Global
	      L1$40   121746  Global
	      L1$41   122036  Global
	      L1$42   122126  Global
	      L1$43   122216  Global
	      L1$44   122306  Global
	      L1$45   122376  Global
	      L1$46   122466  Global
	      L1$47   122556  Global
	      L1$5    116776  Global
	      L1$50   122646  Global
	      L1$51   122736  Global
	      L1$52   123026  Global
	      L1$53   123116  Global
	      L1$54   123206  Global
	      L1$55   123276  Global
	      L1$56   123366  Global
	      L1$57   123456  Global
	      L1$6    117066  Global
	      L1$60   123546  Global
	      L1$7    117156  Global
	      S0$1    123636  Global
	      T0$1    123724  Global
	      T0$2    124074  Global
	      T0$3    124244  Global
	      T0$4    124414  Global
	<IMPURE>      124564  127226  002442       657. Words
	      IMPURE  124564  Global
	      CKSFLG  124566  Global
	      CKSVAL  124564  Global
	      IMPBGN  124564  Global
	      IMPCLR  124570  Global
	      REQSTH  125740  Global
	      REQSTT  125742  Global
	      STKBGN  125730  Global
	      STKEND  125330  Global
	      TMRCNT  126222  Global
	      TMRDSP  126746  Global
	      TMRFRE  125744  Global
	      TMRLST  125746  Global
	      TMRSDB  126474  Global
	      TMRTOP  126220  Global
	      TRRNGP  127224  Global
	      TRRNGT  127222  Global
	<ONCE  >      130036  130036  000000         0. Words
	      ONCE    130036  Global
	      PKTBGN  130036  Global
	<VECTBL>      130526  130636  000110        36. Words
	      VECTBL  130526  Global

********************************************
Module: ROUTE                                        9. Words
			Low    High   Length
	      HSOF$X  000002  Global
	      HSTN$X  000004  Global
	      NODN$X  000002  Global
	<PURE  >      001550  001572  000022         9. Words
	      HSTN$1  001552  Global
	      HSTN$2  001560  Global
	      NODN$1  001550  Global
	      NODN$2  001556  Global
	      PTHPR$  001564  Global
	      PTHSC$  001565  Global

********************************************
Module: EXEC                                       638. Words
			Low    High   Length
	<LOWMEM>      001000  001116  000116        39. Words
	      CRSCNT  001022  Global
	      DBGENT  001004  Global
	      GO      001000  Global
	      NODSTS  001020  Global
	      VERLOC  001034  Global
	<MAIN  >      107430  110460  001030       268. Words
	      MAINLP  107736  Global
	      START   107430  Global
	<PURE  >      001572  001600  000006         3. Words
	<CODE  >      010300  011072  000572       189. Words
	      ACKOPS  011052  Global
	      GETPSW  010566  Global
	      GOBOOT  010334  Global
	      RD50XX  010752  Global
	      RTNRTI  010332  Global
	      TIMKIL  010474  Global
	      TIMREQ  010364  Global
	      XXRD50  010574  Global
	<VECTBL>      130636  130644  000006         3. Words
	<IMPURE>      127226  127646  000420       136. Words
	      CKSPNT  127236  Global
	      CKSWRD  127240  Global
	      CLKFLG  127226  Global
	      LPSAVG  127244  Global
	      S       127246  Global
	      UPTIME  127232  Global

********************************************
Module: ERROR                                      327. Words
			Low    High   Length
	      CTYRBF  177562  Global
	      CTYRSR  177560  Global
	      CTYXBF  177566  Global
	      CTYXSR  177564  Global
	      TRPERX  000016  Global
	<CODE  >      011072  012212  001120       296. Words
	      CTYCHR  011766  Global
	      ERROR   011072  Global
	      STKUND  011154  Global
	      TRPER0  011214  Global
	      TRPER1  011232  Global
	      TRPER2  011250  Global
	      TRPER3  011266  Global
	      TRPER4  011304  Global
	      TRPER5  011322  Global
	      TRPER6  011340  Global
	      TRPER7  011356  Global
	<VECTBL>      130644  130674  000030        12. Words
	<PDATA >      110650  110716  000046        19. Words
	      BADSTK  110714  Global
	      BUGBUF  110650  Global
	      SAVEEC  110670  Global
	      SAVEPC  110710  Global
	      SAVER1  110674  Global

********************************************
Module: PKT1                                       423. Words
			Low    High   Length
	<CODE  >      012212  013704  001472       413. Words
	      ACCEPT  013412  Global
	      CLRINP  013650  Global
	      CPKRTN  013600  Global
	      CTLPKT  013072  Global
	      CTLPKX  013106  Global
	      CTLSTE  013152  Global
	      CTLSTR  013130  Global
	      DECOWN  012662  Global
	      DECPCN  012640  Global
	      GETBYT  012302  Global
	      GETCTL  012406  Global
	      GETPKT  013162  Global
	      GIVPKT  013354  Global
	      JNKCPK  012600  Global
	      JNKCPX  012572  Global
	      JNKPKT  012624  Global
	      JNKPKX  012616  Global
	      MAKKIL  013474  Global
	      OUTSUP  013642  Global
	      PKTAGN  013360  Global
	      PKTINI  012212  Global
	      PKTRTN  013614  Global
	      PKTRTX  013572  Global
	      PUTBYT  012452  Global
	      REFUSE  013460  Global
	      REMOVE  012776  Global
	      SETDIS  013514  Global
	      SETEPK  013532  Global
	      SETKIL  013504  Global
	      SETNAK  013524  Global
	      SNDDPK  013054  Global
	      WAKCHK  012716  Global
	<VECTBL>      130674  130710  000014         6. Words
	<PURE  >      001600  001602  000002         1. Words
	      NUMPKT  001600  Global
	<IMPURE>      127646  127654  000006         3. Words
	      PKFCMN  127652  Global
	      PKFCNT  127650  Global
	      PKFLST  127646  Global

********************************************
Module: PKT2                                      1221. Words
			Low    High   Length
	      MAXPKT  000013  Global
	<CODE  >      013704  020232  004326      1131. Words
	      CLRCFP  020174  Global
	      CLRCTP  020120  Global
	      CLRDDV  020032  Global
	      CLRSDV  020050  Global
	      CONCOL  015646  Global
	      CONNSB  014246  Global
	      FINDIS  017666  Global
	      FRESOC  017700  Global
	      GRBSDB  017710  Global
	      JNKOWN  017440  Global
	      KILKIL  014036  Global
	      KILKIW  014032  Global
	      KILKIX  014016  Global
	      KILKI2  014130  Global
	      KILKI3  014134  Global
	      REQXR1  017242  Global
	      REQXR2  017250  Global
	      RTYNAK  016046  Global
	      SETINU  017656  Global
	      SNDDAT  017206  Global
	      SNDDA0  017210  Global
	      SNDDA3  017226  Global
	      SNDDTP  017166  Global
	      SNDEAT  017064  Global
	      SNDINT  017072  Global
	      SNDKIL  016400  Global
	      SNDKL5  016502  Global
	      SNDPKT  013704  Global
	      SNDSRC  017202  Global
	<PURE  >      001602  002060  000256        87. Words
	<SECOND>      110520  110524  000004         2. Words
	<IMPURE>      127654  127656  000002         1. Words

********************************************
Module: PKT3D                                        2. Words
			Low    High   Length
	      STARFP  000000  Global
	      STARFW  000000  Global
	      STARIP  000000  Global
	      STARTP  000000  Global
	      STARTW  000000  Global
	      XXSSRC  000000  Global
	<CODE  >      020232  020236  000004         2. Words
	      SNDRCR  020232  Global

********************************************
Module: CMDTYM                                     494. Words
			Low    High   Length
	<PURE  >      002060  002100  000020         8. Words
	      TYMENT  002060  Global
	<CODE  >      020236  022152  001714       486. Words

********************************************
Module: CMDS                                       660. Words
			Low    High   Length
	      .CXACK  000010  Global
	      .CXCIN  000002  Global
	      .CXCMD  000000  Global
	      .CXDAK  000016  Global
	      .CXDIS  000014  Global
	      .CXECL  000004  Global
	      .CXNAK  000012  Global
	      .CXRST  000006  Global
	<CODE  >      022152  024616  002444       658. Words
	      CMDACK  022414  Global
	      CMDCNP  022710  Global
	      CMDCON  023560  Global
	      CMDDAK  022316  Global
	      CMDDIS  022152  Global
	      CMDENT  022370  Global
	      CMDNAK  022666  Global
	      EATBLK  023376  Global
	      ENDLIN  023234  Global
	      GETDEC  023304  Global
	      INLOUT  023154  Global
	      MAKDSC  024476  Global
	      OUTDEC  023436  Global
	      OUTSTR  023240  Global
	      OUTST1  023244  Global
	      TRSSRC  024544  Global
	      WATIDL  023114  Global
	<PURE  >      002100  002104  000004         2. Words

********************************************
Module: TRM                                       2896. Words
			Low    High   Length
	      FPCCCR  000025  Global
	      FPCNCH  000023  Global
	      FPCOUT  000004  Global
	      FPCRLF  000001  Global
	      FPCRTN  000010  Global
	      FPDONX  000003  Global
	      FPIXLF  000015  Global
	      FPLINF  000006  Global
	      FPNEBS  000034  Global
	      FPNLFD  000021  Global
	      FPNSPA  000017  Global
	      FPPRFX  000012  Global
	      FPXBSE  000037  Global
	      .CXBSP  000004  Global
	      .CXCAN  000030  Global
	      .CXCNT  000002  Global
	      .CXCRN  000016  Global
	      .CXDC2  000024  Global
	      .CXDLE  000020  Global
	      .CXEOT  000056  Global
	      .CXESC  000032  Global
	      .CXFFD  000014  Global
	      .CXHSP  000042  Global
	      .CXHTB  000006  Global
	      .CXLCA  000040  Global
	      .CXLCS  000052  Global
	      .CXLFD  000010  Global
	      .CXNUL  000000  Global
	      .CXPRE  000054  Global
	      .CXRUB  000044  Global
	      .CXSMI  000036  Global
	      .CXUCA  000034  Global
	      .CXUCS  000050  Global
	      .CXUNU  000046  Global
	      .CXVTB  000012  Global
	      .CXXOF  000026  Global
	      .CXXON  000022  Global
	<ONCE  >      130036  130104  000046        19. Words
	<CODE  >      024616  037050  012232      2637. Words
	      BALTMO  033036  Global
	      BRDRDY  034734  Global
	      BRDTMO  035014  Global
	      BREAKR  035270  Global
	      CARDET  034614  Global
	      CARLOS  035046  Global
	      CHRDLY  036754  Global
	      CON2TR  035426  Global
	      HANGU4  035246  Global
	      HNDXON  036370  Global
	      HUNGUP  035116  Global
	      INPGET  032742  Global
	      OUTCHR  032614  Global
	      OUTCOD  034524  Global
	      OUTDLY  032240  Global
	      OUTGET  032600  Global
	      OUTIDL  032754  Global
	      OUTRDY  031646  Global
	      OUTRD1  031654  Global
	      RNGDET  034534  Global
	      SNDGRX  036214  Global
	      TRDATA  025312  Global
	      TRDDBI  024616  Global
	      TRINTR  024746  Global
	      TRMFNC  035652  Global
	      TRMSTP  035702  Global
	      TROCNT  034220  Global
	      TRRSUM  031602  Global
	      TRSDBI  024644  Global
	<SECOND>      110524  110530  000004         2. Words
	<TENTHS>      110556  110562  000004         2. Words
	<MAIN  >      110460  110464  000004         2. Words
	<PURE  >      002104  003012  000706       227. Words
	<IMPURE>      127656  127674  000016         7. Words
	      CINCNT  127664  Global
	      CINLST  127666  Global
	      COTCNT  127670  Global
	      COTLST  127672  Global

********************************************
Module: TRMF                                       815. Words
			Low    High   Length
	<CODE  >      037050  041646  002576       703. Words
	      CLRBAL  037700  Global
	      CPYPRM  041604  Global
	      ENBKEY  037520  Global
	      OUTCPK  037062  Global
	      RPTBIT  041242  Global
	      RPTBTX  041234  Global
	      RPTPAR  041270  Global
	      RPTTYP  041166  Global
	      RPTVAL  041262  Global
	      SETDFT  041360  Global
	      SETPRF  041456  Global
	      SETTCD  041624  Global
	      SETTTP  041542  Global
	      TRPOKE  037050  Global
	<PURE  >      003012  003352  000340       112. Words

********************************************
Module: TRMP                                       458. Words
			Low    High   Length
	<CODE  >      041646  043466  001620       456. Words
	      CHKTWO  042364  Global
	      CLRCMC  043370  Global
	      CLRIHB  043354  Global
	      DECCNT  043156  Global
	      DELCHR  042516  Global
	      DELSRC  043330  Global
	      ECHSLF  042430  Global
	      GETCMC  043030  Global
	      GETIHB  042636  Global
	      PKTSLF  042446  Global
	      PUTCHR  041646  Global
	      PUTIHB  042726  Global
	      REECHO  043424  Global
	      RNGBEL  042226  Global
	      SNDTRP  043222  Global
	<TENTHS>      110562  110566  000004         2. Words

********************************************
Module: TRMT                                       419. Words
			Low    High   Length
	      MAXPRF  000010  Global
	      MAXTYP  000015  Global
	      PRFSIZ  000011  Global
	      TPRMAX  000052  Global
	      TYPSIZ  000012  Global
	<PURE  >      003352  005060  001506       419. Words
	      BRKTBL  003557  Global
	      CHRINX  003352  Global
	      DSPRPT  004156  Global
	      FILDIV  004004  Global
	      FILMUL  003757  Global
	      PRFPNT  005036  Global
	      TPFBTS  005014  Global
	      TPFCMD  004750  Global
	      TPFDFS  004616  Global
	      TPFLFH  004640  Global
	      TPFNM1  004552  Global
	      TPFNM2  004574  Global
	      TPRIDX  004032  Global
	      TPROFF  004104  Global
	      TPRTBL  004033  Global
	      TTPBTS  004472  Global
	      TTPNM1  004166  Global
	      TTPNM2  004222  Global
	      TTPWID  004403  Global
	      TYPPNT  004526  Global

********************************************
Module: ZAPBUF                                      65. Words
			Low    High   Length
	<CODE  >      043466  043664  000176        63. Words
	      ZAPBUF  043466  Global
	<TENTHS>      110566  110572  000004         2. Words

********************************************
Module: STATUS                                     887. Words
			Low    High   Length
	<CODE  >      043664  047152  003266       859. Words
	      STDDBI  043664  Global
	      STPOKE  043744  Global
	      STRSUM  043714  Global
	      STSDBI  043666  Global
	<PURE  >      005060  005150  000070        28. Words

********************************************
Module: LNK1                                        33. Words
			Low    High   Length
	<CODE  >      047152  047252  000100        32. Words
	      LKDDBI  047152  Global
	      LKSDBI  047202  Global
	      NOLINK  047242  Global
	<IMPURE>      127674  127676  000002         1. Words
	      CURSX   127674  Global

********************************************
Module: LNK2                                       460. Words
			Low    High   Length
	<CODE  >      047252  051032  001560       440. Words
	      CHKFLG  047362  Global
	      CHKRSP  047306  Global
	      FGPOKE  047326  Global
	      LKCONT  050306  Global
	      LKPDWN  047504  Global
	      LKPOKE  047374  Global
	      LKPOK0  047424  Global
	      LNKDWN  050352  Global
	      LNKUP   050630  Global
	      MOVPKE  050032  Global
	      MOVPKT  047756  Global
	      MOVPK0  050012  Global
	      NXTCFR  047716  Global
	      NXTPKT  047524  Global
	      RSPOKE  047252  Global
	<PURE  >      005150  005214  000044        18. Words
	<SECOND>      110530  110534  000004         2. Words

********************************************
Module: LNKF                                      2562. Words
			Low    High   Length
	      LKFLOD  000000  Global
	      MAXMSG  000062  Global
	<CODE  >      051032  062204  011152      2357. Words
	      LFOUTX  055264  Global
	      LFRSUM  051136  Global
	      LKFINI  051032  Global
	      LKFINS  051112  Global
	      LKFSTR  056162  Global
	<MAIN  >      110464  110470  000004         2. Words
	<PURE  >      005214  006022  000606       195. Words
	      MSGLEN  005570  Global
	<IMPURE>      127676  127712  000014         6. Words
	<SECOND>      110534  110540  000004         2. Words

********************************************
Module: LNKF1                                      297. Words
			Low    High   Length
	<CODE  >      062204  063300  001074       286. Words
	      LKFIN1  062204  Global
	      LKFOU1  063112  Global
	<PURE  >      006022  006050  000026        11. Words

********************************************
Module: LNKHA                                     1149. Words
			Low    High   Length
	<PURE  >      006050  006510  000440       144. Words
	<CODE  >      063300  067222  003722      1001. Words
	      LHADWX  066640  Global
	      LHAINX  065010  Global
	      LHAISV  063300  Global
	      LHAOSV  064166  Global
	      LHASTX  066054  Global
	<MAIN  >      110470  110474  000004         2. Words
	<SECOND>      110540  110544  000004         2. Words

********************************************
Module: LKHPK1                                    1538. Words
			Low    High   Length
	      LKHLOD  000000  Global
	      LKHSTR  000000  Global
	<CODE  >      067222  074740  005516      1447. Words
	      FILFRM  071556  Global
	      LHPOKE  067476  Global
	      LHRSUM  067474  Global
	      LKHATO  070244  Global
	      LKHBGN  067604  Global
	      LKHBYO  074460  Global
	      LKHINI  067222  Global
	      LKHINS  067446  Global
	      LKHNKL  071462  Global
	      LKHSCM  074674  Global
	<PURE  >      006510  006770  000260        88. Words
	<IMPURE>      127712  127720  000006         3. Words
	      LKHLFT  127714  Global

********************************************
Module: LKHPK2                                    2086. Words
			Low    High   Length
	<CODE  >      074740  104160  007220      1864. Words
	      BADFRM  102526  Global
	      BRKCIR  102752  Global
	      CLRCIR  103044  Global
	      EMPFRM  074740  Global
	      LKHDWN  103676  Global
	      LKHNPK  075016  Global
	      LKHNXT  075124  Global
	      LKHUP   103656  Global
	      SNDSPR  102604  Global
	<IMPURE>      127720  130024  000104        34. Words
	      FRMXXX  127720  Global
	<PURE  >      006770  007560  000570       188. Words

********************************************
Module: LKHPK3                                     712. Words
			Low    High   Length
	<CODE  >      104160  106566  002406       643. Words
	      BALBCK  106532  Global
	      LKHDAT  104160  Global
	      LKHSPK  106442  Global
	      SNDTYM  106412  Global
	<PURE  >      007560  007750  000170        60. Words
	<TENTHS>      110572  110576  000004         2. Words
	<SECOND>      110544  110550  000004         2. Words
	<IMPURE>      130024  130036  000012         5. Words
	      LKHMNC  130034  Global
	      ZAPCNT  130032  Global

********************************************
Module: TYMA                                        82. Words
			Low    High   Length
	      MAXRNT  000024  Global
	<CODE  >      106566  106672  000104        34. Words
	      TYNFIV  106646  Global
	      TYNGTT  106566  Global
	<PURE  >      007750  010110  000140        48. Words
	      TYNFNF  007750  Global
	      TYNRNT  010062  Global
	      TYNRTN  007770  Global

********************************************
Module: TYMB                                        36. Words
			Low    High   Length
	<CODE  >      106672  107002  000110        36. Words
	      PUTHSN  106750  Global
	      TYMCON  106672  Global

********************************************
Module: LINA                                       144. Words
			Low    High   Length
	<CODE  >      107002  107430  000426       139. Words
	      ASAFNC  107342  Global
	      ASAINI  107054  Global
	      ASAINT  107002  Global
	      ASAOUI  107170  Global
	      ASAOUT  107330  Global
	      BPTINS  107110  Global
	<VECTBL>      130710  130716  000006         3. Words
	<SECOND>      110550  110554  000004         2. Words

********************************************
Module: ONCE                                       137. Words
			Low    High   Length
	<ONCE  >      130104  130526  000422       137. Words
	      CODTOP  130526  Global
	      ONCNRM  130116  Global
	      ONCXDT  130106  Global

********************************************
Module: END                                         13. Words
			Low    High   Length
	<IMPURE>      130036  130036  000000         0. Words
	      IMPEND  130036  Global
	<MAIN  >      110474  110520  000024        10. Words
	<INIT  >      110600  110602  000002         1. Words
	      PUREND  110602  Global
	<SECOND>      110554  110556  000002         1. Words
	<TENTHS>      110576  110600  000002         1. Words
	<VECTBL>      130716  130716  000000         0. Words
	      VECEND  130716  Global
  VD$‡