Link11 Memory Allocation Map  ****  Date 10/26/81  ****  Time 16:59:10


Link11 Version 5.2M
*@LK732{LK732.CMD:  SV732.IMG/IMG/B:1000,MP732.MAP=CG732.OBJ,RU732.OBJ,EXEC.OBJ
*ERROR.OBJ,PKT1.OBJ,PKT2.OBJ,PKT3D.OBJ,CMDTYM.OBJ,CMDS.OBJ,TRM.OBJ,TRMF.OBJ
*TRMP.OBJ,TRMT.OBJ,ZAPBUF.OBJ,STATUS.OBJ,LNK1.OBJ,LNK2.OBJ,LNKF.OBJ,LNKF2.OBJ
*LNKHA.OBJ,LKHBS1.OBJ,LKHBS2.OBJ,LKHBS3.OBJ,TYMA.OBJ,TYMB.OBJ,LINA.OBJ,ONCE.OBJ
*END.OBJ}/E

Module: COMMON                   File: CG732.OBJ
Module: ROUTE                    File: RU732.OBJ
Module: EXEC                     File: EXEC.OBJ
Module: ERROR                    File: ERROR.OBJ
Module: PKT1                     File: PKT1.OBJ
Module: PKT2                     File: PKT2.OBJ
Module: PKT3D                    File: PKT3D.OBJ
Module: CMDTYM                   File: CMDTYM.OBJ
Module: CMDS                     File: CMDS.OBJ
Module: TRM                      File: TRM.OBJ
Module: TRMF                     File: TRMF.OBJ
Module: TRMP                     File: TRMP.OBJ
Module: TRMT                     File: TRMT.OBJ
Module: ZAPBUF                   File: ZAPBUF.OBJ
Module: STATUS                   File: STATUS.OBJ
Module: LNK1                     File: LNK1.OBJ
Module: LNK2                     File: LNK2.OBJ
Module: LNKF                     File: LNKF.OBJ
Module: LNKF2                    File: LNKF2.OBJ
Module: LNKHA                    File: LNKHA.OBJ
Module: LKHPK1                   File: LKHBS1.OBJ
Module: LKHPK2                   File: LKHBS2.OBJ
Module: LKHPK3                   File: LKHBS3.OBJ
Module: TYMA                     File: TYMA.OBJ
Module: TYMB                     File: TYMB.OBJ
Module: LINA                     File: LINA.OBJ
Module: ONCE                     File: ONCE.OBJ
Module: END                      File: END.OBJ

Program file:     SV732.IMG
Program name:     COMMON
Transfer address: 001000  

Memory limits:          Low    High   Length
	<LOWMEM>      001000  001116  000116        39. Words
	<SX    >      001116  001360  000242        81. Words
	<PURE  >      001360  010066  006506      1699. Words
	<CODE  >      010066  107642  077554     16310. Words
	<MAIN  >      107642  110732  001070       284. Words
	<SECOND>      110732  110770  000036        15. Words
	<TENTHS>      110770  111012  000022         9. Words
	<INIT  >      111012  111014  000002         1. Words
	<.XDT. >      111014  111062  000046        19. Words
	<.SYM. >      111062  111062  000000         0. Words
	<PDATA >      111062  111130  000046        19. Words
	<DDB   >      111130  112440  001310       356. Words
	<LDB   >      112440  112730  000270        92. Words
	<ADB   >      112730  113310  000360       120. Words
	<SDB   >      113310  125232  011722      2537. Words
	<IMPURE>      125232  130356  003124       810. Words
	<ONCE  >      130356  131046  000470       156. Words
	<VECTBL>      131046  131376  000330       108. Words
	Overall       001000  131376  130376     22655. Words

********************************************
Module: COMMON                                    4093. Words
			Low    High   Length
	      ADARBF  000016  Global
	      ADARSR  000014  Global
	      ADAXBF  000022  Global
	      ADAXSR  000020  Global
	      ADFUNC  000002  Global
	      ADINDX  000006  Global
	      ADINIT  000004  Global
	      ADMAXI  000013  Global
	      ADNEXT  000010  Global
	      ADOUTP  000000  Global
	      ADSTS1  000012  Global
	      ATOTXX  000000  Global
	      CLKREG  177546  Global
	      DDCBGN  000026  Global
	      DDCEND  000032  Global
	      DDCSIZ  000002  Global
	      DDDDBI  000016  Global
	      DDERBC  000134  Global
	      DDERBF  000116  Global
	      DDERCS  000132  Global
	      DDERFT  000142  Global
	      DDERHE  000140  Global
	      DDERIP  000120  Global
	      DDERIS  000114  Global
	      DDERNP  000124  Global
	      DDEROR  000122  Global
	      DDERPC  000130  Global
	      DDERRX  000144  Global
	      DDERSI  000136  Global
	      DDERSZ  000126  Global
	      DDID    000006  Global
	      DDINDX  000007  Global
	      DDLFAL  000234  Global
	      DDLFAV  000154  Global
	      DDLFBC  000172  Global
	      DDLFBH  000164  Global
	      DDLFBI  000160  Global
	      DDLFBJ  000174  Global
	      DDLFBK  000176  Global
	      DDLFBP  000205  Global
	      DDLFBQ  000200  Global
	      DDLFBS  000170  Global
	      DDLFBT  000166  Global
	      DDLFBW  000202  Global
	      DDLFBY  000204  Global
	      DDLFCC  000250  Global
	      DDLFCZ  000151  Global
	      DDLFFC  000160  Global
	      DDLFGS  000236  Global
	      DDLFIC  000246  Global
	      DDLFIK  000242  Global
	      DDLFIP  000244  Global
	      DDLFIQ  000240  Global
	      DDLFIR  000146  Global
	      DDLFIS  000252  Global
	      DDLFIX  000254  Global
	      DDLFLC  000502  Global
	      DDLFOC  000304  Global
	      DDLFOK  000300  Global
	      DDLFOP  000302  Global
	      DDLFOR  000150  Global
	      DDLFOS  000474  Global
	      DDLFOV  000162  Global
	      DDLFOX  000312  Global
	      DDLFOZ  000306  Global
	      DDLFPC  000253  Global
	      DDLFPL  000156  Global
	      DDLFPO  000232  Global
	      DDLFQQ  000145  Global
	      DDLFQX  000310  Global
	      DDLFRQ  000476  Global
	      DDLFSR  000152  Global
	      DDLFS1  000226  Global
	      DDLFS2  000230  Global
	      DDLFTD  000500  Global
	      DDLFTM  000477  Global
	      DDLFTP  000501  Global
	      DDLFT1  000222  Global
	      DDLFT2  000224  Global
	      DDLFXR  000206  Global
	      DDLFXS  000210  Global
	      DDLFX1  000212  Global
	      DDLFX2  000214  Global
	      DDLFX3  000216  Global
	      DDLFX4  000220  Global
	      DDLHBF  000202  Global
	      DDLHCZ  000125  Global
	      DDLHDH  000204  Global
	      DDLHDW  000262  Global
	      DDLHFC  000226  Global
	      DDLHHD  000500  Global
	      DDLHHM  000200  Global
	      DDLHHY  000224  Global
	      DDLHLC  000500  Global
	      DDLHLD  000152  Global
	      DDLHMX  000156  Global
	      DDLHND  000150  Global
	      DDLHNH  000172  Global
	      DDLHNL  000154  Global
	      DDLHNN  000146  Global
	      DDLHNU  000256  Global
	      DDLHPH  000176  Global
	      DDLHSH  000174  Global
	      DDLHSM  000266  Global
	      DDLHSN  000265  Global
	      DDLHSS  000236  Global
	      DDLHTR  000160  Global
	      DDLHTY  000264  Global
	      DDLHUP  000260  Global
	      DDLHXP  000162  Global
	      DDLHXS  000226  Global
	      DDLKCZ  000027  Global
	      DDLKEC  000066  Global
	      DDLKER  000114  Global
	      DDLKFC  000070  Global
	      DDLKFH  000106  Global
	      DDLKFN  000112  Global
	      DDLKFP  000046  Global
	      DDLKFT  000110  Global
	      DDLKIN  000036  Global
	      DDLKIS  000040  Global
	      DDLKLC  000146  Global
	      DDLKLD  000044  Global
	      DDLKNA  000056  Global
	      DDLKNS  000034  Global
	      DDLKNX  000032  Global
	      DDLKN1  000052  Global
	      DDLKN2  000054  Global
	      DDLKPS  000113  Global
	      DDLKP0  000050  Global
	      DDLKSP  000104  Global
	      DDLKST  000042  Global
	      DDLKTP  000065  Global
	      DDLKXT  000002  Global
	      DDLK0H  000070  Global
	      DDLK0T  000072  Global
	      DDLK1H  000074  Global
	      DDLK1T  000076  Global
	      DDLK2H  000100  Global
	      DDLK2T  000102  Global
	      DDNCON  000030  Global
	      DDPOKE  000010  Global
	      DDPRIV  000002  Global
	      DDRSUM  000012  Global
	      DDSDBI  000020  Global
	      DDSOC   000004  Global
	      DDSSRC  000014  Global
	      DDSTDP  000033  Global
	      DDSTEP  000032  Global
	      DDSTS0  000000  Global
	      DDSTS1  000026  Global
	      DDSX    000022  Global
	      DDWLD   000024  Global
	      DEVMAX  000026  Global
	      DXSIZE  000004  Global
	      EDTNO   000000  Global
	      EDTNUM  000001  Global
	      JIFDIV  000005  Global
	      JIFMUL  000003  Global
	      JIFM05  043120  Global
	      JIFM10  106240  Global
	      JIFM15  151360  Global
	      JIFO10  000006  Global
	      JIFO2   000036  Global
	      JIFO4   000017  Global
	      JIFSEC  000074  Global
	      JIFX10  001130  Global
	      JIFX15  001604  Global
	      JIFX16  001700  Global
	      JIFX2   000170  Global
	      JIFX20  002260  Global
	      JIFX30  003410  Global
	      JIFX60  007020  Global
	      JIFX8   000740  Global
	      JIF150  021450  Global
	      LDERBD  000062  Global
	      LDHACK  000256  Global
	      LDHACZ  000047  Global
	      LDHAEA  000154  Global
	      LDHAED  000156  Global
	      LDHAEI  000160  Global
	      LDHAEL  000162  Global
	      LDHAEN  000164  Global
	      LDHAEO  000166  Global
	      LDHAEP  000170  Global
	      LDHAFC  000152  Global
	      LDHAFG  000152  Global
	      LDHAFR  000263  Global
	      LDHAIA  000257  Global
	      LDHAIB  000252  Global
	      LDHAIC  000254  Global
	      LDHAID  000210  Global
	      LDHAIF  000200  Global
	      LDHAIL  000206  Global
	      LDHAIS  000174  Global
	      LDHAIW  000202  Global
	      LDHAIX  000262  Gl
	      LDHAKB  000140  Global
	      LDHAKE  000142  Global
	      LDHAKP  000146  Global
	      LDHAKT  000144  Global
	      LDHAKX  000240  Global
	      LDHALA  000260  Global
	      LDHALC  000270  Global
	      LDHAMD  000151  Global
	      LDHAMX  000150  Global
	      LDHAOB  000253  Global
	      LDHAOC  000255  Global
	      LDHAOD  000214  Global
	      LDHAOL  000212  Global
	      LDHAOR  000261  Global
	      LDHAOS  000176  Global
	      LDHAOW  000204  Global
	      LDHAPL  000116  Global
	      LDHAPR  000110  Global
	      LDHAQB  000126  Global
	      LDHAQE  000130  Global
	      LDHAQN  000134  Global
	      LDHAQP  000136  Global
	      LDHAQT  000132  Global
	      LDHAQX  000226  Global
	      LDHARB  000106  Global
	      LDHARS  000104  Global
	      LDHASB  000120  Global
	      LDHASC  000172  Global
	      LDHASE  000122  Global
	      LDHAST  000124  Global
	      LDHASX  000216  Global
	      LDHATD  000265  Global
	      LDHATI  000266  Global
	      LDHATR  000267  Global
	      LDHAUA  000264  Global
	      LDHAXB  000114  Global
	      LDHAXS  000112  Global
	      LDHCHN  000012  Global
	      LDHCSZ  000027  Global
	      LDHDDB  000014  Global
	      LDHDWX  000002  Global
	      LDHERB  000070  Global
	      LDHERC  000064  Global
	      LDHERS  000074  Global
	      LDHERX  000100  Global
	      LDHEXB  000072  Global
	      LDHEXC  000066  Global
	      LDHEXS  000076  Global
	      LDHEXX  000102  Global
	      LDHFCL  000026  Global
	      LDHGRP  000011  Global
	      LDHINX  000004  Global
	      LDHLCL  000104  Global
	      LDHLNO  000013  Global
	      LDHNBR  000016  Global
	      LDHNXS  000022  Global
	      LDHNXT  000020  Global
	      LDHSDB  000006  Global
	      LDHSFC  000054  Global
	      LDHSLH  000034  Global
	      LDHSLT  000036  Global
	      LDHSPC  000060  Global
	      LDHSPD  000010  Global
	      LDHSRC  000056  Global
	      LDHSR0  000046  Global
	      LDHSR2  000050  Global
	      LDHSSD  000052  Global
	      LDHSTX  000000  Global
	      LDHST0  000024  Global
	      LDHST1  000026  Global
	      LDHXLH  000040  Global
	      LDHXLT  000042  Global
	      LDHZCN  000044  Global
	      LDHZLH  000030  Global
	      LDHZLT  000032  Global
	      LKOFS$  000004  Global
	      MAXDX   000006  Global
	      MAXTIM  177777  Global
	      MXNPKT  077777  Global
	      NIDMAX  000013  Global
	      PKCMAX  000072  Global
	      PKTWDS  000040  Global
	      SDACNT  000034  Global
	      SDCBGN  000006  Global
	      SDCEND  000030  Global
	      SDCSIZ  000011  Global
	      SDDDB   000004  Global
	      SDFCNT  000036  Global
	      SDLFAX  000072  Global
	      SDLFBI  000040  Global
	      SDLFBL  000064  Global
	      SDLFBO  000056  Global
	      SDLFCZ  000016  Global
	      SDLFFC  000040  Global
	      SDLFI0  000042  Global
	      SDLFI1  000044  Global
	      SDLFLC  000074  Global
	      SDLFO0  000060  Global
	      SDLFO1  000062  Global
	      SDLFQN  000055  Global
	      SDLFRQ  000066  Global
	      SDLFS1  000070  Global
	      SDLFVC  000054  Global
	      SDLFVH  000050  Global
	      SDLFXF  000046  Global
	      SDLHBF  000066  Global
	      SDLHCN  000044  Global
	      SDLHCZ  000014  Global
	      SDLHFC  000040  Global
	      SDLHI1  000056  Global
	      SDLHI2  000054  Global
	      SDLHLC  000070  Global
	      SDLHLD  000042  Global
	      SDLHO1  000062  Global
	      SDLHO2  000060  Global
	      SDLHPC  000064  Global
	      SDLHSC  000040  Global
	      SDLHSP  000045  Global
	      SDLHS1  000046  Global
	      SDLHVH  000050  Global
	      SDLHVL  000052  Global
	      SDLINK  000000  Global
	      SDLKCZ  000004  Global
	      SDLKFC  000030  Global
	      SDLKFL  000032  Global
	      SDLKLC  000040  Global
	      SDLKLK  000030  Global
	      SDLKLV  000035  Global
	      SDLKXX  000037  Global
	      SDPCNT  000020  Global
	      SDPKCP  000014  Global
	      SDPKDH  000010  Global
	      SDPKDT  000012  Global
	      SDPKSP  000016  Global
	      SDPMAX  000002  Global
	      SDREQB  000026  Global
	      SDREQL  000024  Global
	      SDRSMC  000027  Global
	      SDSDID  000022  Global
	      SDSDSC  000023  Global
	      SDSOC   000003  Global
	      SDSTCC  000034  Global
	      SDSTCF  000056  Global
	      SDSTCY  000004  Global
	      SDSTCZ  000017  Global
	      SDSTD1  000044  Global
	      SDSTD2  000046  Global
	      SDSTD3  000050  Global
	      SDSTD4  000052  Global
	      SDSTER  000057  Global
	      SDSTFC  000030  Global
	      SDSTID  000032  Global
	      SDSTLC  000066  Global
	      SDSTPL  000035  Global
	      SDSTR1  000040  Global
	      SDSTSC  000036  Global
	      SDSTSR  000042  Global
	      SDSTSS  000030  Global
	      SDSTS1  000006  Global
	      SDSTS3  000054  Global
	      SDSTVP  000056  Global
	      SDSTV1  000060  Global
	      SDSTV2  000062  Global
	      SDSTV3  000064  Global
	      SDTPVC  000144  Global
	      SDTRAD  000040  Global
	      SDTRBD  000106  Global
	      SDTRBL  000127  Global
	      SDTRBR  000032  Global
	      SDTRBS  000065  Global
	      SDTRBX  000070  Global
	      SDTRCD  000102  Global
	      SDTRCI  000077  Global
	      SDTRCL  000114  Global
	      SDTRCM  000104  Global
	      SDTRCP  000044  Global
	      SDTRCS  000133  Global
	      SDTRCT  000130  Global
	      SDTRCV  000103  Global
	      SDTRCX  000036  Global
	      SDTRCZ  000041  Global
	      SDTRC1  000134  Global
	      SDTRC2  000136  Global
	      SDTRC3  000140  Global
	      SDTRC4  000142  Global
	      SDTRDL  000071  Global
	      SDTRDY  000126  Global
	      SDTREC  000101  Global
	      SDTRES  000131  Global
	      SDTRFC  000042  Global
	      SDTRFD  000111  Global
	      SDTRFP  000123  Global
	      SDTRFV  000112  Global
	      SDTRFX  000125  Global
	      SDTRHD  000105  Global
	      SDTRHI  000075  Global
	      SDTRHP  000120  Global
	      SDTRIC  000067  Global
	      SDTRIL  000066  Global
	      SDTRIP  000042  Global
	      SDTRLC  000144  Global
	      SDTRLD  000107  Global
	      SDTRLP  000070  Global
	      SDTRLT  000102  Global
	      SDTRLW  000113  Global
	      SDTRLX  000072  Global
	      SDTROD  000046  Global
	      SDTROS  000064  Global
	      SDTRPC  000035  Global
	      SDTRPG  000117  Global
	      SDTRRE  000074  Global
	      SDTRSC  000122  Global
	      SDTRSE  000101  Global
	      SDTRSI  000076  Global
	      SDTRSL  000072  Global
	      SDTRSN  000007  Global
	      SDTRSO  000073  Global
	      SDTRSR  000100  Global
	      SDTRSX  000124  Global
	      SDTRS0  000030  Global
	      SDTRS1  000050  Global
	      SDTRS2  000052  Global
	      SDTRS3  000054  Global
	      SDTRS4  000056  Global
	      SDTRS5  000060  Global
	      SDTRS6  000062  Global
	      SDTRTP  000037  Global
	      SDTRTT  000034  Global
	      SDTRVD  000110  Global
	      SDTRVP  000121  Global
	      SDTRVT  000116  Global
	      SDTRXC  000132  Global
	      SDTXAP  000146  Global
	      SDXCNT  000021  Global
	      ST.S0   000001  Global
	      TRMPLM  000050  Global
	      TRMTTL  000014  Global
	      TRPMAX  000007  Global
	      TRPWRN  000005  Global
	      TRPWRX  000003  Global
	      VERNO   000250  Global
	      VERNUM  002431  Global
	      VLLKFC  000006  Global
	      VLLK0C  000012  Global
	      VLLK1C  000012  Global
	      .IDCR   000007  Global
	      .IDFD   000011  Global
	      .IDLK   000000  Global
	      .IDLP   000006  Global
	      .IDMT   000010  Global
	      .IDST   000001  Global
	      .IDTR   000002  Global
	      .IDTX   000003  Global
	      .IDTY   000004  Global
	      .IDTZ   000005  Global
	      .IDWD   000012  Global
	      .PLKIL  000000  Global
	      .PLOPT  000024  Global
	      .PLSPR  000001  Global
	      .PLSTP  000020  Global
	      .PLTRM  000003  Global
	      .PLZAP  000014  Global
	      .XXASC  000000  Global
	      .XXBCD  177777  Global
	      .XXCAL  177777  Global
	      .XXCRS  177777  Global
	      .XXEBC  177777  Global
	<LOWMEM>      001000  001000  000000         0. Words
	      LOWMEM  001000  Global
	<SX    >      001116  001360  000242        81. Words
	      SX      001116  Global
	      L0SX    001120  Global
	      L1SX    001222  Global
	      MNLKSX  001116  Global
	      MXLKSX  001320  Global
	      SXTBL   001116  Global
	      SXTOP   001360  Global
	      S0SX    001324  Global
	      T0SX    001330  Global
	<PURE  >      001360  001526  000146        51. Words
	      PURE    001360  Global
	      CMDETB  001524  Global
	      CODTIL  001524  Global
	      CODTIP  001524  Global
	      CODTIU  001524  Global
	      CODTOU  001524  Global
	      CODTOX  001524  Global
	      CODTSL  001525  Global
	      CODTSU  001524  Global
	      DEVLTR  001440  Global
	      DEVNAM  001412  Global
	      DFTHST  001377  Global
	      DXTBL   001514  Global
	      DXTOP   001522  Global
	      HCLTBL  001406  Global
	      NIDDX   001453  Global
	      NIDPMX  001501  Global
	      NIDPWN  001466  Global
	      THSNOD  001360  Global
	      ..MOD   001410  Global
	<CODE  >      010066  010516  000430       140. Words
	      CODE    010066  Global
	      PURBGN  010066  Global
	<MAIN  >      107642  107642  000000         0. Words
	      MAIN    107642  Global
	<SECOND>      110732  110732  000000         0. Words
	      SECOND  110732  Global
	<TENTHS>      110770  110770  000000         0. Words
	      TENTHS  110770  Global
	<INIT  >      111012  111012  000000         0. Words
	      INIT    111012  Global
	      INISUB  111012  Global
	<.XDT. >      111014  111062  000046        19. Words
	      .XDT.   111014  Global
	<.SYM. >      111062  111062  000000         0. Words
	      .SYM.   111062  Global
	<PDATA >      111062  111062  000000         0. Words
	      PDATA   111062  Global
	<DDB   >      111130  112440  001310       356. Words
	      DDB     111130  Global
	      LKFDDB  111130  Global
	      LKHDDB  111632  Global
	      L0$     111130  Global
	      L1$     111632  Global
	      S0$     112352  Global
	      TR0CON  112436  Global
	      T0$     112406  Global
	<LDB   >      112440  112730  000270        92. Words
	      LDB     112440  Global
	      LHALDB  112440  Global
	      L1.0    112440  Global
	<ADB   >      112730  113310  000360       120. Words
	      ADB     112730  Global
	      ADB0$   112730  Global
	      ADB1$   112754  Global
	      ADB10$  113170  Global
	      ADB11$  113214  Global
	      ADB12$  113240  Global
	      ADB13$  113264  Global
	      ADB2$   113000  Global
	      ADB3$   113024  Global
	      ADB4$   113050  Global
	      ADB5$   113074  Global
	      ADB6$   113120  Global
	      ADB7$   113144  Global
	      ASAADB  112730  Global
	<SDB   >      113310  125232  011722      2537. Words
	      SDB     113310  Global
	      L0$0    113310  Global
	      L0$1    113404  Global
	      L0$10   114250  Global
	      L0$11   114344  Global
	      L0$12   114440  Global
	      L0$13   114534  Global
	      L0$14   114630  Global
	      L0$15   114724  Global
	      L0$16   115020  Global
	      L0$17   115114  Global
	      L0$2    113500  Global
	      L0$20   115210  Global
	      L0$21   115304  Global
	      L0$22   115400  Global
	      L0$23   115474  Global
	      L0$24   115570  Global
	      L0$25   115664  Global
	      L0$26   115760  Global
	      L0$27   116054  Global
	      L0$3    113574  Global
	      L0$30   116150  Global
	      L0$31   116244  Global
	      L0$32   116340  Global
	      L0$33   116434  Global
	      L0$34   116530  Global
	      L0$35   116624  Global
	      L0$36   116720  Global
	      L0$37   117014  Global
	      L0$4    113670  Global
	      L0$40   117110  Global
	      L0$5    113764  Global
	      L0$6    114060  Global
	      L0$7    114154  Global
	      L1$1    117204  Global
	      L1$10   120014  Global
	      L1$11   120104  Global
	      L1$12   120174  Global
	      L1$13   120264  Global
	      L1$14   120354  Global
	      L1$15   120444  Global
	      L1$16   120534  Global
	      L1$17   120624  Global
	      L1$2    117274  Global
	      L1$20   120714  Global
	      L1$21   121004  Global
	      L1$22   121074  Global
	      L1$23   121164  Global
	      L1$24   121254  Global
	      L1$25   121344  Global
	      L1$26   121434  Global
	      L1$27   121524  Global
	      L1$3    117364  Global
	      L1$30   121614  Global
	      L1$31   121704  Global
	      L1$32   121774  Global
	      L1$33   122064  Global
	      L1$34   122154  Global
	      L1$35   122244  Global
	      L1$36   122334  Global
	      L1$37   122424  Global
	      L1$4    117454  Global
	      L1$40   122514  Global
	      L1$5    117544  Global
	      L1$6    117634  Global
	      L1$7    117724  Global
	      S0$1    122604  Global
	      T0$1    122672  Global
	      T0$10   124222  Global
	      T0$11   124372  Global
	      T0$12   124542  Global
	      T0$13   124712  Global
	      T0$14   125062  Global
	      T0$2    123042  Global
	      T0$3    123212  Global
	      T0$4    123362  Global
	      T0$5    123532  Global
	      T0$6    123702  Global
	      T0$7    124052  Global
	<IMPURE>      125232  127544  002312       613. Words
	      IMPURE  125232  Global
	      CKSFLG  125234  Global
	      CKSVAL  125232  Global
	      IMPBGN  125232  Global
	      IMPCLR  125236  Global
	      REQSTH  126346  Global
	      REQSTT  126350  Global
	      STKBGN  126336  Global
	      STKEND  125736  Global
	      TMRCNT  126612  Global
	      TMRDSP  127302  Global
	      TMRFRE  126352  Global
	      TMRLST  126354  Global
	      TMRSDB  127046  Global
	      TMRTOP  126610  Global
	      TRRNGP  127542  Global
	      TRRNGT  127540  Global
	<ONCE  >      130356  130356  000000         0. Words
	      ONCE    130356  Global
	      PKTBGN  130356  Global
	<VECTBL>      131046  131316  000250        84. Words
	      VECTBL  131046  Global

********************************************
Module: ROUTE                                        9. Words
			Low    High   Length
	      HSOF$X  000002  Global
	      HSTN$X  000004  Global
	      NODN$X  000002  Global
	<PURE  >      001526  001550  000022         9. Words
	      HSTN$1  001530  Global
	      HSTN$2  001536  Global
	      NODN$1  001526  Global
	      NODN$2  001534  Global
	      PTHPR$  001542  Global
	      PTHSC$  001543  Global

********************************************
Module: EXEC                                       638. Words
			Low    High   Length
	<LOWMEM>      001000  001116  000116        39. Words
	      CRSCNT  001022  Global
	      DBGENT  001004  Global
	      GO      001000  Global
	      NODSTS  001020  Global
	      VERLOC  001034  Global
	<MAIN  >      107642  110672  001030       268. Words
	      MAINLP  110150  Global
	      START   107642  Global
	<PURE  >      001550  001556  000006         3. Words
	<CODE  >      010516  011310  000572       189. Words
	      ACKOPS  011270  Global
	      GETPSW  011004  Global
	      GOBOOT  010552  Global
	      RD50XX  011170  Global
	      RTNRTI  010550  Global
	      TIMKIL  010712  Global
	      TIMREQ  010602  Global
	      XXRD50  011012  Global
	<VECTBL>      131316  131324  000006         3. Words
	<IMPURE>      127544  130164  000420       136. Words
	      CKSPNT  127554  Global
	      CKSWRD  127556  Global
	      CLKFLG  127544  Global
	      LPSAVG  127562  Global
	      S       127564  Global
	      UPTIME  127550  Global

********************************************
Module: ERROR                                      327. Words
			Low    High   Length
	      CTYRBF  177562  Global
	      CTYRSR  177560  Global
	      CTYXBF  177566  Global
	      CTYXSR  177564  Global
	      TRPERX  000016  Global
	<CODE  >      011310  012430  001120       296. Words
	      CTYCHR  012204  Global
	      ERROR   011310  Global
	      STKUND  011372  Global
	      TRPER0  011432  Global
	      TRPER1  011450  Global
	      TRPER2  011466  Global
	      TRPER3  011504  Global
	      TRPER4  011522  Global
	      TRPER5  011540  Global
	      TRPER6  011556  Global
	      TRPER7  011574  Global
	<VECTBL>      131324  131354  000030        12. Words
	<PDATA >      111062  111130  000046        19. Words
	      BADSTK  111126  Global
	      BUGBUF  111062  Global
	      SAVEEC  111102  Global
	      SAVEPC  111122  Global
	      SAVER1  111106  Global

********************************************
Module: PKT1                                       423. Words
			Low    High   Length
	<CODE  >      012430  014122  001472       413. Words
	      ACCEPT  013630  Global
	      CLRINP  014066  Global
	      CPKRTN  014016  Global
	      CTLPKT  013310  Global
	      CTLPKX  013324  Global
	      CTLSTE  013370  Global
	      CTLSTR  013346  Global
	      DECOWN  013100  Global
	      DECPCN  013056  Global
	      GETBYT  012520  Global
	      GETCTL  012624  Global
	      GETPKT  013400  Global
	      GIVPKT  013572  Global
	      JNKCPK  013016  Global
	      JNKCPX  013010  Global
	      JNKPKT  013042  Global
	      JNKPKX  013034  Global
	      MAKKIL  013712  Global
	      OUTSUP  014060  Global
	      PKTAGN  013576  Global
	      PKTINI  012430  Global
	      PKTRTN  014032  Global
	      PKTRTX  014010  Global
	      PUTBYT  012670  Global
	      REFUSE  013676  Global
	      REMOVE  013214  Global
	      SETDIS  013732  Global
	      SETEPK  013750  Global
	      SETKIL  013722  Global
	      SETNAK  013742  Global
	      SNDDPK  013272  Global
	      WAKCHK  013134  Global
	<VECTBL>      131354  131370  000014         6. Words
	<PURE  >      001556  001560  000002         1. Words
	      NUMPKT  001556  Global
	<IMPURE>      130164  130172  000006         3. Words
	      PKFCMN  130170  Global
	      PKFCNT  130166  Global
	      PKFLST  130164  Global

********************************************
Module: PKT2                                      1221. Words
			Low    High   Length
	      MAXPKT  000013  Global
	<CODE  >      014122  020450  004326      1131. Words
	      CLRCFP  020412  Global
	      CLRCTP  020336  Global
	      CLRDDV  020250  Global
	      CLRSDV  020266  Global
	      CONCOL  016064  Global
	      CONNSB  014464  Global
	      FINDIS  020104  Global
	      FRESOC  020116  Global
	      GRBSDB  020126  Global
	      JNKOWN  017656  Global
	      KILKIL  014254  Global
	      KILKIW  014250  Global
	      KILKIX  014234  Global
	      KILKI2  014346  Global
	      KILKI3  014352  Global
	      REQXR1  017460  Global
	      REQXR2  017466  Global
	      RTYNAK  016264  Global
	      SETINU  020074  Global
	      SNDDAT  017424  Global
	      SNDDA0  017426  Global
	      SNDDA3  017444  Global
	      SNDDTP  017404  Global
	      SNDEAT  017302  Global
	      SNDINT  017310  Global
	      SNDKIL  016616  Global
	      SNDKL5  016720  Global
	      SNDPKT  014122  Global
	      SNDSRC  017420  Global
	<PURE  >      001560  002036  000256        87. Words
	<SECOND>      110732  110736  000004         2. Words
	<IMPURE>      130172  130174  000002         1. Words

********************************************
Module: PKT3D                                        2. Words
			Low    High   Length
	      STARFP  000000  Global
	      STARFW  000000  Global
	      STARIP  000000  Global
	      STARTP  000000  Global
	      STARTW  000000  Global
	      XXSSRC  000000  Global
	<CODE  >      020450  020454  000004         2. Words
	      SNDRCR  020450  Global

********************************************
Module: CMDTYM                                     494. Words
			Low    High   Length
	<PURE  >      002036  002056  000020         8. Words
	      TYMENT  002036  Global
	<CODE  >      020454  022370  001714       486. Words

********************************************
Module: CMDS                                       660. Words
			Low    High   Length
	      .CXACK  000010  Global
	      .CXCIN  000002  Global
	      .CXCMD  000000  Global
	      .CXDAK  000016  Global
	      .CXDIS  000014  Global
	      .CXECL  000004  Global
	      .CXNAK  000012  Global
	      .CXRST  000006  Global
	<CODE  >      022370  025034  002444       658. Words
	      CMDACK  022632  Global
	      CMDCNP  023126  Global
	      CMDCON  023776  Global
	      CMDDAK  022534  Global
	      CMDDIS  022370  Global
	      CMDENT  022606  Global
	      CMDNAK  023104  Global
	      EATBLK  023614  Global
	      ENDLIN  023452  Global
	      GETDEC  023522  Global
	      INLOUT  023372  Global
	      MAKDSC  024714  Global
	      OUTDEC  023654  Global
	      OUTSTR  023456  Global
	      OUTST1  023462  Global
	      TRSSRC  024762  Global
	      WATIDL  023332  Global
	<PURE  >      002056  002062  000004         2. Words

********************************************
Module: TRM                                       2896. Words
			Low    High   Length
	      FPCCCR  000025  Global
	      FPCNCH  000023  Global
	      FPCOUT  000004  Global
	      FPCRLF  000001  Global
	      FPCRTN  000010  Global
	      FPDONX  000003  Global
	      FPIXLF  000015  Global
	      FPLINF  000006  Global
	      FPNEBS  000034  Global
	      FPNLFD  000021  Global
	      FPNSPA  000017  Global
	      FPPRFX  000012  Global
	      FPXBSE  000037  Global
	      .CXBSP  000004  Global
	      .CXCAN  000030  Global
	      .CXCNT  000002  Global
	      .CXCRN  000016  Global
	      .CXDC2  000024  Global
	      .CXDLE  000020  Global
	      .CXEOT  000056  Global
	      .CXESC  000032  Global
	      .CXFFD  000014  Global
	      .CXHSP  000042  Global
	      .CXHTB  000006  Global
	      .CXLCA  000040  Global
	      .CXLCS  000052  Global
	      .CXLFD  000010  Global
	      .CXNUL  000000  Global
	      .CXPRE  000054  Global
	      .CXRUB  000044  Global
	      .CXSMI  000036  Global
	      .CXUCA  000034  Global
	      .CXUCS  000050  Global
	      .CXUNU  000046  Global
	      .CXVTB  000012  Global
	      .CXXOF  000026  Global
	      .CXXON  000022  Global
	<ONCE  >      130356  130424  000046        19. Words
	<CODE  >      025034  037266  012232      2637. Words
	      BALTMO  033254  Global
	      BRDRDY  035152  Global
	      BRDTMO  035232  Global
	      BREAKR  035506  Global
	      CARDET  035032  Global
	      CARLOS  035264  Global
	      CHRDLY  037172  Global
	      CON2TR  035644  Global
	      HANGU4  035464  Global
	      HNDXON  036606  Global
	      HUNGUP  035334  Global
	      INPGET  033160  Global
	      OUTCHR  033032  Global
	      OUTCOD  034742  Global
	      OUTDLY  032456  Global
	      OUTGET  033016  Global
	      OUTIDL  033172  Global
	      OUTRDY  032064  Global
	      OUTRD1  032072  Global
	      RNGDET  034752  Global
	      SNDGRX  036432  Global
	      TRDATA  025530  Global
	      TRDDBI  025034  Global
	      TRINTR  025164  Global
	      TRMFNC  036070  Global
	      TRMSTP  036120  Global
	      TROCNT  034436  Global
	      TRRSUM  032020  Global
	      TRSDBI  025062  Global
	<SECOND>      110736  110742  000004         2. Words
	<TENTHS>      110770  110774  000004         2. Words
	<MAIN  >      110672  110676  000004         2. Words
	<PURE  >      002062  002770  000706       227. Words
	<IMPURE>      130174  130212  000016         7. Words
	      CINCNT  130202  Global
	      CINLST  130204  Global
	      COTCNT  130206  Global
	      COTLST  130210  Global

********************************************
Module: TRMF                                       815. Words
			Low    High   Length
	<CODE  >      037266  042064  002576       703. Words
	      CLRBAL  040116  Global
	      CPYPRM  042022  Global
	      ENBKEY  037736  Global
	      OUTCPK  037300  Global
	      RPTBIT  041460  Global
	      RPTBTX  041452  Global
	      RPTPAR  041506  Global
	      RPTTYP  041404  Global
	      RPTVAL  041500  Global
	      SETDFT  041576  Global
	      SETPRF  041674  Global
	      SETTCD  042042  Global
	      SETTTP  041760  Global
	      TRPOKE  037266  Global
	<PURE  >      002770  003330  000340       112. Words

********************************************
Module: TRMP                                       458. Words
			Low    High   Length
	<CODE  >      042064  043704  001620       456. Words
	      CHKTWO  042602  Global
	      CLRCMC  043606  Global
	      CLRIHB  043572  Global
	      DECCNT  043374  Global
	      DELCHR  042734  Global
	      DELSRC  043546  Global
	      ECHSLF  042646  Global
	      GETCMC  043246  Global
	      GETIHB  043054  Global
	      PKTSLF  042664  Global
	      PUTCHR  042064  Global
	      PUTIHB  043144  Global
	      REECHO  043642  Global
	      RNGBEL  042444  Global
	      SNDTRP  043440  Global
	<TENTHS>      110774  111000  000004         2. Words

********************************************
Module: TRMT                                       419. Words
			Low    High   Length
	      MAXPRF  000010  Global
	      MAXTYP  000015  Global
	      PRFSIZ  000011  Global
	      TPRMAX  000052  Global
	      TYPSIZ  000012  Global
	<PURE  >      003330  005036  001506       419. Words
	      BRKTBL  003535  Global
	      CHRINX  003330  Global
	      DSPRPT  004134  Global
	      FILDIV  003762  Global
	      FILMUL  003735  Global
	      PRFPNT  005014  Global
	      TPFBTS  004772  Global
	      TPFCMD  004726  Global
	      TPFDFS  004574  Global
	      TPFLFH  004616  Global
	      TPFNM1  004530  Global
	      TPFNM2  004552  Global
	      TPRIDX  004010  Global
	      TPROFF  004062  Global
	      TPRTBL  004011  Global
	      TTPBTS  004450  Global
	      TTPNM1  004144  Global
	      TTPNM2  004200  Global
	      TTPWID  004361  Global
	      TYPPNT  004504  Global

********************************************
Module: ZAPBUF                                      65. Words
			Low    High   Length
	<CODE  >      043704  044102  000176        63. Words
	      ZAPBUF  043704  Global
	<TENTHS>      111000  111004  000004         2. Words

********************************************
Module: STATUS                                     887. Words
			Low    High   Length
	<CODE  >      044102  047370  003266       859. Words
	      STDDBI  044102  Global
	      STPOKE  044162  Global
	      STRSUM  044132  Global
	      STSDBI  044104  Global
	<PURE  >      005036  005126  000070        28. Words

********************************************
Module: LNK1                                        33. Words
			Low    High   Length
	<CODE  >      047370  047470  000100        32. Words
	      LKDDBI  047370  Global
	      LKSDBI  047420  Global
	      NOLINK  047460  Global
	<IMPURE>      130212  130214  000002         1. Words
	      CURSX   130212  Global

********************************************
Module: LNK2                                       460. Words
			Low    High   Length
	<CODE  >      047470  051250  001560       440. Words
	      CHKFLG  047600  Global
	      CHKRSP  047524  Global
	      FGPOKE  047544  Global
	      LKCONT  050524  Global
	      LKPDWN  047722  Global
	      LKPOKE  047612  Global
	      LKPOK0  047642  Global
	      LNKDWN  050570  Global
	      LNKUP   051046  Global
	      MOVPKE  050250  Global
	      MOVPKT  050174  Global
	      MOVPK0  050230  Global
	      NXTCFR  050134  Global
	      NXTPKT  047742  Global
	      RSPOKE  047470  Global
	<PURE  >      005126  005172  000044        18. Words
	<SECOND>      110742  110746  000004         2. Words

********************************************
Module: LNKF                                      2562. Words
			Low    High   Length
	      LKFLOD  000000  Global
	      MAXMSG  000062  Global
	<CODE  >      051250  062422  011152      2357. Words
	      LFOUTX  055502  Global
	      LFRSUM  051354  Global
	      LKFINI  051250  Global
	      LKFINS  051330  Global
	      LKFSTR  056400  Global
	<MAIN  >      110676  110702  000004         2. Words
	<PURE  >      005172  006000  000606       195. Words
	      MSGLEN  005546  Global
	<IMPURE>      130214  130230  000014         6. Words
	<SECOND>      110746  110752  000004         2. Words

********************************************
Module: LNKF2                                      296. Words
			Low    High   Length
	<CODE  >      062422  063512  001070       284. Words
	      LKFIN2  062422  Global
	      LKFOU2  063232  Global
	<PURE  >      006000  006026  000026        11. Words
	<IMPURE>      130230  130232  000002         1. Words

********************************************
Module: LNKHA                                     1149. Words
			Low    High   Length
	<PURE  >      006026  006466  000440       144. Words
	<CODE  >      063512  067434  003722      1001. Words
	      LHADWX  067052  Global
	      LHAINX  065222  Global
	      LHAISV  063512  Global
	      LHAOSV  064400  Global
	      LHASTX  066266  Global
	<MAIN  >      110702  110706  000004         2. Words
	<SECOND>      110752  110756  000004         2. Words

********************************************
Module: LKHPK1                                    1538. Words
			Low    High   Length
	      LKHLOD  000000  Global
	      LKHSTR  000000  Global
	<CODE  >      067434  075152  005516      1447. Words
	      FILFRM  071770  Global
	      LHPOKE  067710  Global
	      LHRSUM  067706  Global
	      LKHATO  070456  Global
	      LKHBGN  070016  Global
	      LKHBYO  074672  Global
	      LKHINI  067434  Global
	      LKHINS  067660  Global
	      LKHNKL  071674  Global
	      LKHSCM  075106  Global
	<PURE  >      006466  006746  000260        88. Words
	<IMPURE>      130232  130240  000006         3. Words
	      LKHLFT  130234  Global

********************************************
Module: LKHPK2                                    2086. Words
			Low    High   Length
	<CODE  >      075152  104372  007220      1864. Words
	      BADFRM  102740  Global
	      BRKCIR  103164  Global
	      CLRCIR  103256  Global
	      EMPFRM  075152  Global
	      LKHDWN  104110  Global
	      LKHNPK  075230  Global
	      LKHNXT  075336  Global
	      LKHUP   104070  Global
	      SNDSPR  103016  Global
	<IMPURE>      130240  130344  000104        34. Words
	      FRMXXX  130240  Global
	<PURE  >      006746  007536  000570       188. Words

********************************************
Module: LKHPK3                                     712. Words
			Low    High   Length
	<CODE  >      104372  107000  002406       643. Words
	      BALBCK  106744  Global
	      LKHDAT  104372  Global
	      LKHSPK  106654  Global
	      SNDTYM  106624  Global
	<PURE  >      007536  007726  000170        60. Words
	<TENTHS>      111004  111010  000004         2. Words
	<SECOND>      110756  110762  000004         2. Words
	<IMPURE>      130344  130356  000012         5. Words
	      LKHMNC  130354  Global
	      ZAPCNT  130352  Global

********************************************
Module: TYMA                                        82. Words
			Low    High   Length
	      MAXRNT  000024  Global
	<CODE  >      107000  107104  000104        34. Words
	      TYNFIV  107060  Global
	      TYNGTT  107000  Global
	<PURE  >      007726  010066  000140        48. Words
	      TYNFNF  007726  Global
	      TYNRNT  010040  Global
	      TYNRTN  007746  Global

********************************************
Module: TYMB                                        36. Words
			Low    High   Length
	<CODE  >      107104  107214  000110        36. Words
	      PUTHSN  107162  Global
	      TYMCON  107104  Global

********************************************
Module: LINA                                       144. Words
			Low    High   Length
	<CODE  >      107214  107642  000426       139. Words
	      ASAFNC  107554  Global
	      ASAINI  107266  Global
	      ASAINT  107214  Global
	      ASAOUI  107402  Global
	      ASAOUT  107542  Global
	      BPTINS  107322  Global
	<VECTBL>      131370  131376  000006         3. Words
	<SECOND>      110762  110766  000004         2. Words

********************************************
Module: ONCE                                       137. Words
			Low    High   Length
	<ONCE  >      130424  131046  000422       137. Words
	      CODTOP  131046  Global
	      ONCNRM  130436  Global
	      ONCXDT  130426  Global

********************************************
Module: END                                         13. Words
			Low    High   Length
	<IMPURE>      130356  130356  000000         0. Words
	      IMPEND  130356  Global
	<MAIN  >      110706  110732  000024        10. Words
	<INIT  >      111012  111014  000002         1. Words
	      PUREND  111014  Global
	<SECOND>      110766  110770  000002         1. Words
	<TENTHS>      111010  111012  000002         1. Words
	<VECTBL>      131376  131376  000000         0. Words
	      VECEND  131376  Global
 x{@8“